******************************************************************************
                  TI ARM Linker PC v20.2.7                     
******************************************************************************
>> Linked Tue Oct 31 16:59:01 2023

OUTPUT FILE NAME:   <test_security_micro_ecc.out>
ENTRY POINT SYMBOL: "_c_int00_noargs"  address: 000025f1


MEMORY CONFIGURATION

         name            origin    length      used     unused   attr    fill
----------------------  --------  ---------  --------  --------  ----  --------
  FLASH                 00000000   00040000  000028f3  0003d70d  R  X
  SRAM                  20000000   00008000  00000604  000079fc  RW X


SEGMENT ALLOCATION MAP

run origin  load origin   length   init length attrs members
----------  ----------- ---------- ----------- ----- -------
00000000    00000000    000028f8   000028f8    r-x
  00000000    00000000    0000026c   0000026c    r-- .intvecs
  0000026c    0000026c    0000241c   0000241c    r-x .text
  00002688    00002688    00000253   00000253    r-- .const
  000028e0    000028e0    00000018   00000018    r-- .cinit
20000000    20000000    00000604   00000000    rw-
  20000000    20000000    00000600   00000000    rw- .stack
  20000600    20000600    00000004   00000000    rw- .data


SECTION ALLOCATION MAP

 output                                  attributes/
section   page    origin      length       input sections
--------  ----  ----------  ----------   ----------------
.intvecs   0    00000000    0000026c     
                  00000000    0000026c     tm4c123gh6pm_startup_ccs.obj (.intvecs)

.text      0    0000026c    0000241c     
                  0000026c    00001950     uECC.obj (.text)
                  00001bbc    00000718     sha256.obj (.text)
                  000022d4    000000c4     main.obj (.text)
                  00002398    0000009c     rtsv7M4_T_le_v4SPD16_eabi.lib : memcpy_t2.asm.obj (.text)
                  00002434    0000007a                                   : memset_t2.asm.obj (.text)
                  000024ae    00000068                                   : copy_decompress_lzss.c.obj (.text:decompress:lzss:__TI_decompress_lzss)
                  00002516    00000002     --HOLE-- [fill = 0]
                  00002518    00000060     driverlib.lib : timer.obj (.text:TimerConfigure)
                  00002578    00000044     rtsv7M4_T_le_v4SPD16_eabi.lib : autoinit.c.obj (.text:__TI_auto_init_nobinit_nopinit:__TI_auto_init_nobinit_nopinit)
                  000025bc    00000034     driverlib.lib : sysctl.obj (.text:SysCtlPeripheralEnable)
                  000025f0    00000034     rtsv7M4_T_le_v4SPD16_eabi.lib : boot_cortex_m.c.obj (.text:_c_int00_noargs:_c_int00_noargs)
                  00002624    00000018     driverlib.lib : timer.obj (.text:TimerControlStall)
                  0000263c    00000012                   : timer.obj (.text:TimerLoadSet)
                  0000264e    0000000e                   : timer.obj (.text:TimerEnable)
                  0000265c    0000000e     rtsv7M4_T_le_v4SPD16_eabi.lib : copy_decompress_none.c.obj (.text:decompress:none:__TI_decompress_none)
                  0000266a    0000000c     tm4c123gh6pm_startup_ccs.obj (.text)
                  00002676    0000000a     driverlib.lib : timer.obj (.text:TimerValueGet)
                  00002680    00000004     rtsv7M4_T_le_v4SPD16_eabi.lib : pre_init.c.obj (.text:_system_pre_init)
                  00002684    00000004                                   : exit.c.obj (.text:abort:abort)

.const     0    00002688    00000253     
                  00002688    00000100     sha256.obj (.const:k$1)
                  00002788    000000b0     uECC.obj (.const:curve_secp256r1)
                  00002838    00000040     main.obj (.const:.string:$P$T0$1)
                  00002878    00000040     main.obj (.const:.string:$P$T2$3)
                  000028b8    00000020     uECC.obj (.const:$P$T0$1)
                  000028d8    00000003     main.obj (.const:.string:$P$T1$2)

.cinit     0    000028e0    00000018     
                  000028e0    00000008     (__TI_handler_table)
                  000028e8    00000007     (.cinit..data.load) [load image, compression = lzss]
                  000028ef    00000001     --HOLE-- [fill = 0]
                  000028f0    00000008     (__TI_cinit_table)

.init_array 
*          0    00000000    00000000     UNINITIALIZED

.data      0    20000600    00000004     UNINITIALIZED
                  20000600    00000004     uECC.obj (.data)

.stack     0    20000000    00000600     UNINITIALIZED
                  20000000    00000004     rtsv7M4_T_le_v4SPD16_eabi.lib : boot_cortex_m.c.obj (.stack)
                  20000004    000005fc     --HOLE--

__llvm_prf_cnts 
*          0    20000000    00000000     UNINITIALIZED

MODULE SUMMARY

       Module                         code   ro data   rw data
       ------                         ----   -------   -------
    .\
       sha256.obj                     1816   256       0      
       tm4c123gh6pm_startup_ccs.obj   12     620       0      
       main.obj                       196    131       0      
    +--+------------------------------+------+---------+---------+
       Total:                         2024   1007      0      
                                                              
    .\micro-ecc\
       uECC.obj                       6480   208       4      
    +--+------------------------------+------+---------+---------+
       Total:                         6480   208       4      
                                                              
    F:/Embedded/ti/tivaware/driverlib/ccs/Debug/driverlib.lib
       timer.obj                      162    0         0      
       sysctl.obj                     52     0         0      
    +--+------------------------------+------+---------+---------+
       Total:                         214    0         0      
                                                              
    F:\Embedded\ti\ccs\tools\compiler\ti-cgt-arm_20.2.7.LTS\lib\rtsv7M4_T_le_v4SPD16_eabi.lib
       memcpy_t2.asm.obj              156    0         0      
       memset_t2.asm.obj              122    0         0      
       copy_decompress_lzss.c.obj     104    0         0      
       autoinit.c.obj                 68     0         0      
       boot_cortex_m.c.obj            52     0         0      
       copy_decompress_none.c.obj     14     0         0      
       exit.c.obj                     4      0         0      
       pre_init.c.obj                 4      0         0      
    +--+------------------------------+------+---------+---------+
       Total:                         524    0         0      
                                                              
       Stack:                         0      0         1536   
       Linker Generated:              0      23        0      
    +--+------------------------------+------+---------+---------+
       Grand Total:                   9242   1238      1540   


LINKER GENERATED COPY TABLES

__TI_cinit_table @ 000028f0 records: 1, size/record: 8, table size: 8
	.data: load addr=000028e8, load size=00000007 bytes, run addr=20000600, run size=00000004 bytes, compression=lzss


LINKER GENERATED HANDLER TABLE

__TI_handler_table @ 000028e0 records: 2, size/record: 4, table size: 8
	index: 0, handler: __TI_decompress_lzss
	index: 1, handler: __TI_decompress_none


GLOBAL SYMBOLS: SORTED ALPHABETICALLY BY Name 

address   name                          
-------   ----                          
00002685  C$$EXIT                       
0000266b  ResetISR                      
000025bd  SysCtlPeripheralEnable        
00002519  TimerConfigure                
00002625  TimerControlStall             
0000264f  TimerEnable                   
0000263d  TimerLoadSet                  
00002677  TimerValueGet                 
20000600  __STACK_END                   
00000600  __STACK_SIZE                  
20000200  __STACK_TOP                   
000028f0  __TI_CINIT_Base               
000028f8  __TI_CINIT_Limit              
000028e0  __TI_Handler_Table_Base       
000028e8  __TI_Handler_Table_Limit      
00002579  __TI_auto_init_nobinit_nopinit
000024af  __TI_decompress_lzss          
0000265d  __TI_decompress_none          
ffffffff  __TI_pprof_out_hndl           
ffffffff  __TI_prof_data_size           
ffffffff  __TI_prof_data_start          
00000000  __TI_static_base__            
00002435  __aeabi_memclr                
00002435  __aeabi_memclr4               
00002435  __aeabi_memclr8               
00002399  __aeabi_memcpy                
00002399  __aeabi_memcpy4               
00002399  __aeabi_memcpy8               
00002437  __aeabi_memset                
00002437  __aeabi_memset4               
00002437  __aeabi_memset8               
ffffffff  __binit__                     
ffffffff  __c_args__                    
UNDEFED   __mpu_init                    
20000000  __stack                       
20000000  __start___llvm_prf_cnts       
20000000  __stop___llvm_prf_cnts        
000025f1  _c_int00_noargs               
UNDEFED   _system_post_cinit            
00002681  _system_pre_init              
00002685  abort                         
ffffffff  binit                         
00002289  calc_sha_256                  
00000000  g_pfnVectors                  
000022d5  init_timer                    
00002307  main                          
00002399  memcpy                        
0000243d  memset                        
0000205f  sha_256_close                 
0000202d  sha_256_init                  
00001d4b  sha_256_write                 
00001b37  uECC_compute_public_key       
00001b27  uECC_curve_private_key_size   
00001b1f  uECC_curve_public_key_size    
00001b19  uECC_get_rng                  
00001a9f  uECC_make_key                 
00001a1d  uECC_secp256r1                
00001a17  uECC_set_rng                  
0000194b  uECC_shared_secret            
000018f7  uECC_sign                     
00001769  uECC_sign_deterministic       
00001653  uECC_sign_with_k              
0000104d  uECC_valid_public_key         
00000d3d  uECC_verify                   


GLOBAL SYMBOLS: SORTED BY Symbol Address 

address   name                          
-------   ----                          
00000000  __TI_static_base__            
00000000  g_pfnVectors                  
00000600  __STACK_SIZE                  
00000d3d  uECC_verify                   
0000104d  uECC_valid_public_key         
00001653  uECC_sign_with_k              
00001769  uECC_sign_deterministic       
000018f7  uECC_sign                     
0000194b  uECC_shared_secret            
00001a17  uECC_set_rng                  
00001a1d  uECC_secp256r1                
00001a9f  uECC_make_key                 
00001b19  uECC_get_rng                  
00001b1f  uECC_curve_public_key_size    
00001b27  uECC_curve_private_key_size   
00001b37  uECC_compute_public_key       
00001d4b  sha_256_write                 
0000202d  sha_256_init                  
0000205f  sha_256_close                 
00002289  calc_sha_256                  
000022d5  init_timer                    
00002307  main                          
00002399  __aeabi_memcpy                
00002399  __aeabi_memcpy4               
00002399  __aeabi_memcpy8               
00002399  memcpy                        
00002435  __aeabi_memclr                
00002435  __aeabi_memclr4               
00002435  __aeabi_memclr8               
00002437  __aeabi_memset                
00002437  __aeabi_memset4               
00002437  __aeabi_memset8               
0000243d  memset                        
000024af  __TI_decompress_lzss          
00002519  TimerConfigure                
00002579  __TI_auto_init_nobinit_nopinit
000025bd  SysCtlPeripheralEnable        
000025f1  _c_int00_noargs               
00002625  TimerControlStall             
0000263d  TimerLoadSet                  
0000264f  TimerEnable                   
0000265d  __TI_decompress_none          
0000266b  ResetISR                      
00002677  TimerValueGet                 
00002681  _system_pre_init              
00002685  C$$EXIT                       
00002685  abort                         
000028e0  __TI_Handler_Table_Base       
000028e8  __TI_Handler_Table_Limit      
000028f0  __TI_CINIT_Base               
000028f8  __TI_CINIT_Limit              
20000000  __stack                       
20000000  __start___llvm_prf_cnts       
20000000  __stop___llvm_prf_cnts        
20000200  __STACK_TOP                   
20000600  __STACK_END                   
ffffffff  __TI_pprof_out_hndl           
ffffffff  __TI_prof_data_size           
ffffffff  __TI_prof_data_start          
ffffffff  __binit__                     
ffffffff  __c_args__                    
ffffffff  binit                         
UNDEFED   __mpu_init                    
UNDEFED   _system_post_cinit            

[64 symbols]
